[2026-03-14 14:20:53] ==========================================
[2026-03-14 14:20:53] 🚀 OpenClaw 商业化博客 - 全自动运行
[2026-03-14 14:20:53] ==========================================
[2026-03-14 14:20:53] 📅 日期：2026-03-14
[2026-03-14 14:20:53] ⏰ 时间：14:20:53
[2026-03-14 14:20:53] ==========================================
[2026-03-14 14:20:53] ==========================================
[2026-03-14 14:20:53] 📥 步骤 1: 采集内容
[2026-03-14 14:20:53] ==========================================
[2026-03-14 14:20:53] ✅ 内容采集完成
[2026-03-14 14:20:53] ==========================================
[2026-03-14 14:20:53] ✍️  步骤 2: AI 生成文章
[2026-03-14 14:20:53] ==========================================
[2026-03-14 14:20:53]   读取采集内容：/home/admin/.openclaw/workspace/openclaw-monetization-blog/output/daily-summary-20260314.md
[2026-03-14 14:20:53]   调用 OpenClaw AI 生成文章...
[2026-03-14 14:20:53]   ⚠️  AI 生成功能需要配置 OpenClaw AI 接口
[2026-03-14 14:20:53]   暂时使用模板生成...
[2026-03-14 14:20:53] ✅ 文章生成完成
[2026-03-14 14:20:53] ==========================================
[2026-03-14 14:20:53] 📤 步骤 3: 发布到 GitHub
[2026-03-14 14:20:53] ==========================================
[2026-03-14 14:20:53]   找到草稿：/home/admin/.openclaw/workspace/openclaw-monetization-blog/content/drafts/2026-03-14-daily.md
[2026-03-14 14:20:53]   ℹ️  Git 仓库未初始化，跳过 GitHub 发布
[2026-03-14 14:20:53]   提示：运行 './scripts/init.sh' 初始化 Git
[2026-03-14 14:20:53] ✅ 文章已移动到已发布目录
[2026-03-14 14:20:53] ==========================================
[2026-03-14 14:20:53] 📤 步骤 4: 发布到 CSDN
[2026-03-14 14:20:53] ==========================================
[2026-03-14 14:20:53]   找到文章：/home/admin/.openclaw/workspace/openclaw-monetization-blog/content/published/2026-03-14-daily.md
[2026-03-14 14:20:53]   CSDN 自动发布已启用
[2026-03-14 14:20:53] ==========================================
[2026-03-14 14:20:53] 🧹 步骤 5: 清理和备份
[2026-03-14 14:20:53] ==========================================
[2026-03-14 14:20:53] ✅ 清理旧日志
[2026-03-14 14:20:53] ✅ 备份完成
[2026-03-14 14:20:53] ==========================================
[2026-03-14 14:20:53] ✅ 全自动运行完成
[2026-03-14 14:20:53] ==========================================
[2026-03-14 14:20:53] 📊 执行时间：0秒
[2026-03-14 14:20:53] ==========================================
[2026-03-14 14:20:53] 📬 发送通知：✅ OpenClaw 商业化博客自动运行完成，耗时0秒
[2026-03-14 14:20:53] 
[2026-03-14 14:20:53] 📁 生成的文件:
[2026-03-14 14:20:53] 
[2026-03-14 14:20:53] 📖 查看文章:
[2026-03-14 14:20:53]   cat /home/admin/.openclaw/workspace/openclaw-monetization-blog/content/published//home/admin/.openclaw/workspace/openclaw-monetization-blog/content/published/2026-03-14-daily.md
