[2026-03-14 14:19:50] ==========================================
[2026-03-14 14:19:50] 🚀 开始内容采集
[2026-03-14 14:19:50] ==========================================
[2026-03-14 14:19:50] 📖 读取配置文件...
[2026-03-14 14:19:50]  开始采集 GitHub 动态...
[2026-03-14 14:19:50]   采集仓库：openclaw/openclaw
[2026-03-14 14:19:50]   采集仓库：openclaw/skills
[2026-03-14 14:19:50] ✅ GitHub 采集完成：/home/admin/.openclaw/workspace/openclaw-monetization-blog/output/github-20260314.md
[2026-03-14 14:19:50] 🔍 开始采集搜索内容...
[2026-03-14 14:19:50]   搜索关键词：AI 自动化变现
[2026-03-14 14:19:50]   搜索关键词：智能助理盈利
[2026-03-14 14:19:50]   搜索关键词：被动收入
[2026-03-14 14:19:50]   搜索关键词：自动化营销
[2026-03-14 14:19:50] ✅ 搜索采集完成：/home/admin/.openclaw/workspace/openclaw-monetization-blog/output/search-20260314.md
[2026-03-14 14:19:50] 💬 开始采集社区内容...
[2026-03-14 14:19:50] ✅ 社区采集完成：/home/admin/.openclaw/workspace/openclaw-monetization-blog/output/community-20260314.md
[2026-03-14 14:19:50] 📋 生成采集汇总...
[2026-03-14 14:19:50] ✅ 汇总完成：/home/admin/.openclaw/workspace/openclaw-monetization-blog/output/daily-summary-20260314.md
[2026-03-14 14:19:50] ==========================================
[2026-03-14 14:19:50] ✅ 采集完成
[2026-03-14 14:19:50] ==========================================
[2026-03-14 14:20:53] ==========================================
[2026-03-14 14:20:53] 🚀 开始内容采集
[2026-03-14 14:20:53] ==========================================
[2026-03-14 14:20:53] 📖 读取配置文件...
[2026-03-14 14:20:53]  开始采集 GitHub 动态...
[2026-03-14 14:20:53]   采集仓库：openclaw/openclaw
[2026-03-14 14:20:53]   采集仓库：openclaw/skills
[2026-03-14 14:20:53] ✅ GitHub 采集完成：/home/admin/.openclaw/workspace/openclaw-monetization-blog/output/github-20260314.md
[2026-03-14 14:20:53] 🔍 开始采集搜索内容...
[2026-03-14 14:20:53]   搜索关键词：AI 自动化变现
[2026-03-14 14:20:53]   搜索关键词：智能助理盈利
[2026-03-14 14:20:53]   搜索关键词：被动收入
[2026-03-14 14:20:53]   搜索关键词：自动化营销
[2026-03-14 14:20:53] ✅ 搜索采集完成：/home/admin/.openclaw/workspace/openclaw-monetization-blog/output/search-20260314.md
[2026-03-14 14:20:53] 💬 开始采集社区内容...
[2026-03-14 14:20:53] ✅ 社区采集完成：/home/admin/.openclaw/workspace/openclaw-monetization-blog/output/community-20260314.md
[2026-03-14 14:20:53] 📋 生成采集汇总...
[2026-03-14 14:20:53] ✅ 汇总完成：/home/admin/.openclaw/workspace/openclaw-monetization-blog/output/daily-summary-20260314.md
[2026-03-14 14:20:53] ==========================================
[2026-03-14 14:20:53] ✅ 采集完成
[2026-03-14 14:20:53] ==========================================
