[2026-03-14 14:09:15] ==========================================
[2026-03-14 14:09:15] ✍️ 开始文章生成
[2026-03-14 14:09:15] ==========================================
[2026-03-14 14:09:15] 📝 生成每日文章...
[2026-03-14 14:09:15] ✅ 日报生成完成：/home/admin/.openclaw/workspace/openclaw-monetization-blog/content/drafts/2026-03-14-daily.md
[2026-03-14 14:09:15] ==========================================
[2026-03-14 14:09:15] ✅ 生成完成
[2026-03-14 14:09:15] ==========================================
[2026-03-14 14:19:55] ==========================================
[2026-03-14 14:19:55] ✍️ 开始文章生成
[2026-03-14 14:19:55] ==========================================
[2026-03-14 14:19:55] 📝 生成每日文章...
[2026-03-14 14:19:55] ✅ 日报生成完成：/home/admin/.openclaw/workspace/openclaw-monetization-blog/content/drafts/2026-03-14-daily.md
[2026-03-14 14:19:55] ==========================================
[2026-03-14 14:19:55] ✅ 生成完成
[2026-03-14 14:19:55] ==========================================
[2026-03-14 14:20:53] ==========================================
[2026-03-14 14:20:53] ✍️ 开始文章生成
[2026-03-14 14:20:53] ==========================================
[2026-03-14 14:20:53] 📝 生成每日文章...
[2026-03-14 14:20:53] ✅ 日报生成完成：/home/admin/.openclaw/workspace/openclaw-monetization-blog/content/drafts/2026-03-14-daily.md
[2026-03-14 14:20:53] ==========================================
[2026-03-14 14:20:53] ✅ 生成完成
[2026-03-14 14:20:53] ==========================================
