[2026-03-14 14:54:42] ==========================================
[2026-03-14 14:54:42] 📤 开始自动发布到 GitHub
[2026-03-14 14:54:42] ==========================================
[2026-03-14 14:54:42] ⚙️  配置 Git 用户信息...
[2026-03-14 14:54:42] ✅ 远程仓库已存在
[2026-03-14 14:54:42] 📋 复制文章到 posts 目录...
[2026-03-14 14:54:42]   找到文章：content/drafts/2026-03-14-improved-article.md
[2026-03-14 14:54:42] ✅ 文章已复制
[2026-03-14 14:54:42] 📝 添加文件到 Git...
[2026-03-14 14:54:43] ✅ 文件已添加
[2026-03-14 14:54:43] ℹ️  没有新改动，跳过提交
[2026-03-14 14:54:43] 
[2026-03-14 14:54:43] ==========================================
[2026-03-14 14:54:43] ✅ 自动发布完成！
[2026-03-14 14:54:43] ==========================================
[2026-03-14 14:54:43] 
[2026-03-14 14:54:43] 📖 查看文章:
[2026-03-14 14:54:43] https://github.com/pyastar/studyai/tree/main/posts
[2026-03-14 14:54:43] 
[2026-03-14 14:54:43] 📄 日志文件：/home/admin/.openclaw/workspace/openclaw-monetization-blog/logs/github-publish-20260314-145442.log
[2026-03-14 14:54:43] 
[2026-03-14 14:54:43] ✅ 文章已移动到已发布目录
